// Jest Snapshot v1, https://goo.gl/fbAQLP

exports[`matches snapshot 1`] = `
<DocumentFragment>
  <code
    class="sc-bdVaJa QhKbv"
  >
    const gatsby = "awesome"
  </code>
</DocumentFragment>
`;
